// Jest Snapshot v1, https://goo.gl/fbAQLP

exports[`controllers.getAllVessels should call res.json with DB result 1`] = `
Array [
  Object {
    "target": 1,
    "vessel": 1,
  },
  Object {
    "target": 2,
    "vessel": 2,
  },
]
`;

exports[`controllers.getAllVessels should call res.send with DB result 1`] = `
"Vessel,Last Target
1,1
2,2"
`;

exports[`controllers.getVesselRequests should call res.json with DB result 1`] = `
Array [
  Object {
    "requestDate": 2019-03-22T10:12:12.000Z,
    "result": Array [],
    "target": 2,
    "vessel": 1,
  },
  Object {
    "requestDate": 2019-03-22T10:12:15.000Z,
    "result": Array [],
    "target": 2,
    "vessel": 1,
  },
]
`;

exports[`controllers.getVesselRequests should call res.send with DB result in csv format 1`] = `
"Request Id,Vessel,Target,Request Date,Security Level,Gate #1,Gate #2,Gate #3,Gate #4,Gate #5,Gate #6,Gate #7,Gate #8,Gate #9,Gate #10,Gate #11,Gate #12,Gate #13,Gate #14,Gate #15,Gate #16,Gate #17,Gate #18,Gate #19,Gate #20,Gate #21,Gate #22,Gate #23,Gate #24,Gate #25,Gate #26,Gate #27,Gate #28,Gate #29,Gate #30,Gate #31,Gate #32,Gate #33,Gate #34,Gate #35,Gate #36,Gate #37,Gate #38,Gate #39,Gate #40,Gate #41,Gate #42,Gate #43,Gate #44,Gate #45,Gate #46,Gate #47,Gate #48,Gate #49,Gate #50,Gate #51,Gate #52,Gate #53,Gate #54,Gate #55,Gate #56,Gate #57,Gate #58,Gate #59,Gate #60,Gate #61,Gate #62,Gate #63,Gate #64,Gate #65,Gate #66,Gate #67,Gate #68,Gate #69,Gate #70,Gate #71,Gate #72,Gate #73,Gate #74,Gate #75,Gate #76,Gate #77,Gate #78,Gate #79,Gate #80,Gate #81,Gate #82,Gate #83,Gate #84,Gate #85,Gate #86,Gate #87,Gate #88,Gate #89,Gate #90,Gate #91,Gate #92,Gate #93,Gate #94,Gate #95,Gate #96,Gate #97,Gate #98,Gate #99
,1,2,\\"2019-03-22T10:12:12.000Z\\",,,,,,,,,,,,,,,,,,,,,,,,,,,,,,,,,,,,,,,,,,,,,,,,,,,,,,,,,,,,,,,,,,,,,,,,,,,,,,,,,,,,,,,,,,,,,,,,,,,,
,1,2,\\"2019-03-22T10:12:15.000Z\\",,,,,,,,,,,,,,,,,,,,,,,,,,,,,,,,,,,,,,,,,,,,,,,,,,,,,,,,,,,,,,,,,,,,,,,,,,,,,,,,,,,,,,,,,,,,,,,,,,,,"
`;
